sakamotoryotaro@ryu git_challenge % ls -a
.       ..      .git
sakamotoryotaro@ryu git_challenge % touch hello_world.txt
sakamotoryotaro@ryu git_challenge % git add hello_world.txt
sakamotoryotaro@ryu git_challenge % git commit -m "hello_world.tx
tを追加"
[main (root-commit) 138cc80] hello_world.txtを追加
 1 file changed, 1 insertion(+)
 create mode 100644 hello_world.txt
sakamotoryotaro@ryu git_challenge %git add hello_world.txt
sakamotoryotaro@ryu git_challenge % git commit -m "日本語訳を追記
"
[main 66098d6] 日本語訳を追記
 1 file changed, 2 insertions(+), 1 deletion(-)
sakamotoryotaro@ryu git_challenge % git log --oneline
66098d6 (HEAD -> main) 日本語訳を追記
138cc80 hello_world.txtを追加
sakamotoryotaro@ryu git_challenge % mkdir kadai_005
sakamotoryotaro@ryu git_challenge % cd kadai_005
sakamotoryotaro@ryu kadai_005 % touch kadai_005.txt
sakamotoryotaro@ryu kadai_005 % 